const vmt_A
	:A.run
const vmt_Main
func Main()
	t.0 = HeapAllocZ(4)
	[t.0] = :vmt_A
	if t.0 goto :null1
		Error("null pointer")
	null1:
	t.1 = [t.0]
	t.2 = [t.1+0]
	t.3 = call t.2(t.0)
	PrintIntS(t.3)
	ret
func A.run(this)
	t.0 = call :AllocArray(20)
	a = t.0
	t.1 = a
	if t.1 goto :null2
		Error("null pointer")
	null2:
	t.2 = [t.1]
	t.2 = Lt(10 t.2)
	if t.2 goto :bounds1
		Error("array index out of bounds")
	bounds1:
	t.2 = MulS(10 4)
	t.2 = Add(t.2 t.1)
	t.3 = [t.2 + 4]
	PrintIntS(t.3)
	t.4 = a
	if t.4 goto :null3
		Error("null pointer")
	null3:
	t.5 = [t.4]
	t.5 = Lt(40 t.5)
	if t.5 goto :bounds2
		Error("array index out of bounds")
	bounds2:
	t.5 = MulS(40 4)
	t.5 = Add(t.5 t.4)
	t.6 = [t.5 + 4]
	ret t.6


func AllocArray(size)
	bytes = MulS(size 4)
	bytes = Add(bytes 4)
	v = HeapAllocZ(bytes)
	[v] = size
	ret v
