Exception in thread "main" java.lang.ArrayIndexOutOfBoundsException: 1
	at TranslatorVisitor.extractLastExpr(TranslatorVisitor.java:48)
	at TranslatorVisitor.visit(TranslatorVisitor.java:660)
	at TranslatorVisitor.visit(TranslatorVisitor.java:8)
	at syntaxtree.MessageSend.accept(MessageSend.java:46)
	at syntaxtree.NodeChoice.accept(NodeChoice.java:24)
	at TranslatorVisitor.visit(TranslatorVisitor.java:512)
	at TranslatorVisitor.visit(TranslatorVisitor.java:8)
	at syntaxtree.Expression.accept(Expression.java:30)
	at TranslatorVisitor.visit(TranslatorVisitor.java:307)
	at TranslatorVisitor.visit(TranslatorVisitor.java:8)
	at syntaxtree.AssignmentStatement.accept(AssignmentStatement.java:38)
	at syntaxtree.NodeChoice.accept(NodeChoice.java:24)
	at TranslatorVisitor.visit(TranslatorVisitor.java:264)
	at TranslatorVisitor.visit(TranslatorVisitor.java:8)
	at syntaxtree.Statement.accept(Statement.java:27)
	at TranslatorVisitor.visit(TranslatorVisitor.java:233)
	at TranslatorVisitor.visit(TranslatorVisitor.java:8)
	at syntaxtree.MethodDeclaration.accept(MethodDeclaration.java:74)
	at TranslatorVisitor.visit(TranslatorVisitor.java:170)
	at TranslatorVisitor.visit(TranslatorVisitor.java:8)
	at syntaxtree.ClassDeclaration.accept(ClassDeclaration.java:46)
	at syntaxtree.NodeChoice.accept(NodeChoice.java:24)
	at TranslatorVisitor.visit(TranslatorVisitor.java:151)
	at TranslatorVisitor.visit(TranslatorVisitor.java:8)
	at syntaxtree.TypeDeclaration.accept(TypeDeclaration.java:23)
	at TranslatorVisitor.visit(TranslatorVisitor.java:96)
	at TranslatorVisitor.visit(TranslatorVisitor.java:8)
	at syntaxtree.Goal.accept(Goal.java:34)
	at J2V.main(J2V.java:27)
