const vmt_LL
	:LL.Start
const vmt_Element
	:Element.Init
	:Element.GetAge
	:Element.GetSalary
	:Element.GetMarried
	:Element.Equal
	:Element.Compare
const vmt_List
	:List.Init
	:List.InitNew
	:List.Insert
	:List.SetNext
	:List.Delete
	:List.Search
	:List.GetEnd
	:List.GetElem
	:List.GetNext
	:List.Print
const vmt_LinkedList
func Main()
	t.0 = HeapAllocZ(4)
	[t.0] = :vmt_LL
	if t.0 goto :null1
		Error("null pointer")
	null1:
	t.1 = [t.0]
	t.2 = [t.1+0]
	t.3 = call t.2(t.0)
	PrintIntS(t.3)
	ret
func Element.Init(this v_Age v_Salary v_Married)
	[this+4] = v_Age
	[this+8] = v_Salary
	[this+12] = v_Married
	ret 1
func Element.GetAge(this)
	t.0 = [this+4]
	ret t.0
func Element.GetSalary(this)
	t.0 = [this+8]
	ret t.0
func Element.GetMarried(this)
	t.0 = [this+12]
	ret t.0
func Element.Equal(this other)
	ret_val = 1
	if other goto :null2
		Error("null pointer")
	null2:
	t.0 = [other]
	t.1 = [t.0+4]
	t.2 = call t.1(other)
	aux01 = t.2
	t.3 = [this]
	t.4 = [t.3+20]
	t.5 = [this+4]
	t.6 = call t.4(this aux01 t.5)
	t.7 = Sub(1 t.6)
	if0 t.7 goto :if1_else
	ret_val = 0
		goto :if1_end
	if1_else:
		if other goto :null3
			Error("null pointer")
		null3:
		t.8 = [other]
		t.9 = [t.8+8]
		t.10 = call t.9(other)
		aux02 = t.10
		t.11 = [this]
		t.12 = [t.11+20]
		t.13 = [this+8]
		t.14 = call t.12(this aux02 t.13)
		t.15 = Sub(1 t.14)
		if0 t.15 goto :if2_else
		ret_val = 0
			goto :if2_end
		if2_else:
		t.16 = [this+12]
		if0 t.16 goto :if3_else
		if other goto :null4
			Error("null pointer")
		null4:
		t.17 = [other]
		t.18 = [t.17+12]
		t.19 = call t.18(other)
		t.20 = Sub(1 t.19)
		if0 t.20 goto :if4_else
		ret_val = 0
			goto :if4_end
		if4_else:
		nt = 0
		if4_end:
			goto :if3_end
		if3_else:
		if other goto :null5
			Error("null pointer")
		null5:
		t.21 = [other]
		t.22 = [t.21+12]
		t.23 = call t.22(other)
		if0 t.23 goto :if5_else
		ret_val = 0
			goto :if5_end
		if5_else:
		nt = 0
		if5_end:
		if3_end:
		if2_end:
	if1_end:
	ret ret_val
func Element.Compare(this num1 num2)
	retval = 0
	t.0 = Add(num2 1)
	aux02 = t.0
	t.1 = LtS(num1 num2)
	if0 t.1 goto :if6_else
	retval = 0
		goto :if6_end
	if6_else:
	t.2 = LtS(num1 aux02)
	t.3 = Sub(1 t.2)
	if0 t.3 goto :if7_else
	retval = 0
		goto :if7_end
	if7_else:
	retval = 1
	if7_end:
	if6_end:
	ret retval
func List.Init(this)
	[this+12] = 1
	ret 1
func List.InitNew(this v_elem v_next v_end)
	[this+12] = v_end
	[this+4] = v_elem
	[this+8] = v_next
	ret 1
func List.Insert(this new_elem)
	aux03 = this
	t.0 = HeapAllocZ(16)
	[t.0] = :vmt_List
	aux02 = t.0
	if aux02 goto :null6
		Error("null pointer")
	null6:
	t.1 = [aux02]
	t.2 = [t.1+4]
	t.3 = call t.2(aux02 new_elem aux03 0)
	ret_val = t.3
	ret aux02
func List.SetNext(this v_next)
	[this+8] = v_next
	ret 1
func List.Delete(this e)
	my_head = this
	ret_val = 0
	t.0 = Sub(0 1)
	aux04 = t.0
	aux01 = this
	prev = this
	t.1 = [this+12]
	var_end = t.1
	t.2 = [this+4]
	var_elem = t.2
	while1_top:
	t.3 = Sub(1 var_end)
	if0 t.3 goto :if8_else
		t.4 = Sub(1 ret_val)
		t.5 = MulS(t.3 t.4)
		goto :if8_end
	if8_else:
		t.5 = 0
	if8_end:
	t.6 = Eq(1 t.5)
	if0 t.6 goto :while1_end
		if e goto :null7
			Error("null pointer")
		null7:
		t.7 = [e]
		t.8 = [t.7+16]
		t.9 = call t.8(e var_elem)
		if0 t.9 goto :if9_else
			ret_val = 1
			t.10 = LtS(aux04 0)
			if0 t.10 goto :if10_else
				if aux01 goto :null8
					Error("null pointer")
				null8:
				t.11 = [aux01]
				t.12 = [t.11+32]
				t.13 = call t.12(aux01)
				my_head = t.13
				goto :if10_end
			if10_else:
				t.14 = Sub(0 555)
				PrintIntS(t.14)
				if prev goto :null9
					Error("null pointer")
				null9:
				t.15 = [prev]
				t.16 = [t.15+12]
				if aux01 goto :null10
					Error("null pointer")
				null10:
				t.17 = [aux01]
				t.18 = [t.17+32]
				t.19 = call t.18(aux01)
				t.20 = call t.16(prev t.19)
				aux05 = t.20
				t.21 = Sub(0 555)
				PrintIntS(t.21)
			if10_end:
			goto :if9_end
		if9_else:
		nt = 0
		if9_end:
		t.22 = Sub(1 ret_val)
		if0 t.22 goto :if11_else
			prev = aux01
			if aux01 goto :null11
				Error("null pointer")
			null11:
			t.23 = [aux01]
			t.24 = [t.23+32]
			t.25 = call t.24(aux01)
			aux01 = t.25
			if aux01 goto :null12
				Error("null pointer")
			null12:
			t.26 = [aux01]
			t.27 = [t.26+24]
			t.28 = call t.27(aux01)
			var_end = t.28
			if aux01 goto :null13
				Error("null pointer")
			null13:
			t.29 = [aux01]
			t.30 = [t.29+28]
			t.31 = call t.30(aux01)
			var_elem = t.31
			aux04 = 1
			goto :if11_end
		if11_else:
		nt = 0
		if11_end:
		goto :while1_top
	while1_end:
	ret my_head
func List.Search(this e)
	int_ret_val = 0
	aux01 = this
	t.0 = [this+12]
	var_end = t.0
	t.1 = [this+4]
	var_elem = t.1
	while2_top:
	t.2 = Sub(1 var_end)
	if0 t.2 goto :while2_end
		if e goto :null14
			Error("null pointer")
		null14:
		t.3 = [e]
		t.4 = [t.3+16]
		t.5 = call t.4(e var_elem)
		if0 t.5 goto :if12_else
			int_ret_val = 1
			goto :if12_end
		if12_else:
		nt = 0
		if12_end:
		if aux01 goto :null15
			Error("null pointer")
		null15:
		t.6 = [aux01]
		t.7 = [t.6+32]
		t.8 = call t.7(aux01)
		aux01 = t.8
		if aux01 goto :null16
			Error("null pointer")
		null16:
		t.9 = [aux01]
		t.10 = [t.9+24]
		t.11 = call t.10(aux01)
		var_end = t.11
		if aux01 goto :null17
			Error("null pointer")
		null17:
		t.12 = [aux01]
		t.13 = [t.12+28]
		t.14 = call t.13(aux01)
		var_elem = t.14
		goto :while2_top
	while2_end:
	ret int_ret_val
func List.GetEnd(this)
	t.0 = [this+12]
	ret t.0
func List.GetElem(this)
	t.0 = [this+4]
	ret t.0
func List.GetNext(this)
	t.0 = [this+8]
	ret t.0
func List.Print(this)
	aux01 = this
	t.0 = [this+12]
	var_end = t.0
	t.1 = [this+4]
	var_elem = t.1
	while3_top:
	t.2 = Sub(1 var_end)
	if0 t.2 goto :while3_end
		if var_elem goto :null18
			Error("null pointer")
		null18:
		t.3 = [var_elem]
		t.4 = [t.3+4]
		t.5 = call t.4(var_elem)
		PrintIntS(t.5)
		if aux01 goto :null19
			Error("null pointer")
		null19:
		t.6 = [aux01]
		t.7 = [t.6+32]
		t.8 = call t.7(aux01)
		aux01 = t.8
		if aux01 goto :null20
			Error("null pointer")
		null20:
		t.9 = [aux01]
		t.10 = [t.9+24]
		t.11 = call t.10(aux01)
		var_end = t.11
		if aux01 goto :null21
			Error("null pointer")
		null21:
		t.12 = [aux01]
		t.13 = [t.12+28]
		t.14 = call t.13(aux01)
		var_elem = t.14
		goto :while3_top
	while3_end:
	ret 1
func LL.Start(this)
	t.0 = HeapAllocZ(16)
	[t.0] = :vmt_List
	last_elem = t.0
	if last_elem goto :null22
		Error("null pointer")
	null22:
	t.1 = [last_elem]
	t.2 = [t.1+0]
	t.3 = call t.2(last_elem)
	aux01 = t.3
	head = last_elem
	if head goto :null23
		Error("null pointer")
	null23:
	t.4 = [head]
	t.5 = [t.4+0]
	t.6 = call t.5(head)
	aux01 = t.6
	if head goto :null24
		Error("null pointer")
	null24:
	t.7 = [head]
	t.8 = [t.7+36]
	t.9 = call t.8(head)
	aux01 = t.9
	t.10 = HeapAllocZ(16)
	[t.10] = :vmt_Element
	el01 = t.10
	if el01 goto :null25
		Error("null pointer")
	null25:
	t.11 = [el01]
	t.12 = [t.11+0]
	t.13 = call t.12(el01 25 37000 0)
	aux01 = t.13
	if head goto :null26
		Error("null pointer")
	null26:
	t.14 = [head]
	t.15 = [t.14+8]
	t.16 = call t.15(head el01)
	head = t.16
	if head goto :null27
		Error("null pointer")
	null27:
	t.17 = [head]
	t.18 = [t.17+36]
	t.19 = call t.18(head)
	aux01 = t.19
	PrintIntS(10000000)
	t.20 = HeapAllocZ(16)
	[t.20] = :vmt_Element
	el01 = t.20
	if el01 goto :null28
		Error("null pointer")
	null28:
	t.21 = [el01]
	t.22 = [t.21+0]
	t.23 = call t.22(el01 39 42000 1)
	aux01 = t.23
	el02 = el01
	if head goto :null29
		Error("null pointer")
	null29:
	t.24 = [head]
	t.25 = [t.24+8]
	t.26 = call t.25(head el01)
	head = t.26
	if head goto :null30
		Error("null pointer")
	null30:
	t.27 = [head]
	t.28 = [t.27+36]
	t.29 = call t.28(head)
	aux01 = t.29
	PrintIntS(10000000)
	t.30 = HeapAllocZ(16)
	[t.30] = :vmt_Element
	el01 = t.30
	if el01 goto :null31
		Error("null pointer")
	null31:
	t.31 = [el01]
	t.32 = [t.31+0]
	t.33 = call t.32(el01 22 34000 0)
	aux01 = t.33
	if head goto :null32
		Error("null pointer")
	null32:
	t.34 = [head]
	t.35 = [t.34+8]
	t.36 = call t.35(head el01)
	head = t.36
	if head goto :null33
		Error("null pointer")
	null33:
	t.37 = [head]
	t.38 = [t.37+36]
	t.39 = call t.38(head)
	aux01 = t.39
	t.40 = HeapAllocZ(16)
	[t.40] = :vmt_Element
	el03 = t.40
	if el03 goto :null34
		Error("null pointer")
	null34:
	t.41 = [el03]
	t.42 = [t.41+0]
	t.43 = call t.42(el03 27 34000 0)
	aux01 = t.43
	if head goto :null35
		Error("null pointer")
	null35:
	t.44 = [head]
	t.45 = [t.44+20]
	t.46 = call t.45(head el02)
	PrintIntS(t.46)
	if head goto :null36
		Error("null pointer")
	null36:
	t.47 = [head]
	t.48 = [t.47+20]
	t.49 = call t.48(head el03)
	PrintIntS(t.49)
	PrintIntS(10000000)
	t.50 = HeapAllocZ(16)
	[t.50] = :vmt_Element
	el01 = t.50
	if el01 goto :null37
		Error("null pointer")
	null37:
	t.51 = [el01]
	t.52 = [t.51+0]
	t.53 = call t.52(el01 28 35000 0)
	aux01 = t.53
	if head goto :null38
		Error("null pointer")
	null38:
	t.54 = [head]
	t.55 = [t.54+8]
	t.56 = call t.55(head el01)
	head = t.56
	if head goto :null39
		Error("null pointer")
	null39:
	t.57 = [head]
	t.58 = [t.57+36]
	t.59 = call t.58(head)
	aux01 = t.59
	PrintIntS(2220000)
	if head goto :null40
		Error("null pointer")
	null40:
	t.60 = [head]
	t.61 = [t.60+16]
	t.62 = call t.61(head el02)
	head = t.62
	if head goto :null41
		Error("null pointer")
	null41:
	t.63 = [head]
	t.64 = [t.63+36]
	t.65 = call t.64(head)
	aux01 = t.65
	PrintIntS(33300000)
	if head goto :null42
		Error("null pointer")
	null42:
	t.66 = [head]
	t.67 = [t.66+16]
	t.68 = call t.67(head el01)
	head = t.68
	if head goto :null43
		Error("null pointer")
	null43:
	t.69 = [head]
	t.70 = [t.69+36]
	t.71 = call t.70(head)
	aux01 = t.71
	PrintIntS(44440000)
	ret 0
