--- Error (ProgramFault) ---
use of uinitialized value
  Main() line 4
